###############################################################################
#
# IAR ELF Linker V8.32.3.193/W32 for ARM                  09/Jul/2019  08:13:26
# Copyright 2007-2019 IAR Systems AB.
#
#    Output file  =  
#        E:\STEM32_CustomHID_USB_4\EWARM\STEM32_CustomHID_USB_4\Exe\STEM32_CustomHID_USB_4.out
#    Map file     =  
#        E:\STEM32_CustomHID_USB_4\EWARM\STEM32_CustomHID_USB_4\List\STEM32_CustomHID_USB_4.map
#    Command line =  
#        -f C:\Users\Hossam\AppData\Local\Temp\EWFFB2.tmp
#        (E:\STEM32_CustomHID_USB_4\EWARM\STEM32_CustomHID_USB_4\Obj\main.o
#        E:\STEM32_CustomHID_USB_4\EWARM\STEM32_CustomHID_USB_4\Obj\startup_stm32f413xx.o
#        E:\STEM32_CustomHID_USB_4\EWARM\STEM32_CustomHID_USB_4\Obj\stm32f4xx_hal.o
#        E:\STEM32_CustomHID_USB_4\EWARM\STEM32_CustomHID_USB_4\Obj\stm32f4xx_hal_adc.o
#        E:\STEM32_CustomHID_USB_4\EWARM\STEM32_CustomHID_USB_4\Obj\stm32f4xx_hal_adc_ex.o
#        E:\STEM32_CustomHID_USB_4\EWARM\STEM32_CustomHID_USB_4\Obj\stm32f4xx_hal_cortex.o
#        E:\STEM32_CustomHID_USB_4\EWARM\STEM32_CustomHID_USB_4\Obj\stm32f4xx_hal_dac.o
#        E:\STEM32_CustomHID_USB_4\EWARM\STEM32_CustomHID_USB_4\Obj\stm32f4xx_hal_dac_ex.o
#        E:\STEM32_CustomHID_USB_4\EWARM\STEM32_CustomHID_USB_4\Obj\stm32f4xx_hal_dfsdm.o
#        E:\STEM32_CustomHID_USB_4\EWARM\STEM32_CustomHID_USB_4\Obj\stm32f4xx_hal_dma.o
#        E:\STEM32_CustomHID_USB_4\EWARM\STEM32_CustomHID_USB_4\Obj\stm32f4xx_hal_dma_ex.o
#        E:\STEM32_CustomHID_USB_4\EWARM\STEM32_CustomHID_USB_4\Obj\stm32f4xx_hal_exti.o
#        E:\STEM32_CustomHID_USB_4\EWARM\STEM32_CustomHID_USB_4\Obj\stm32f4xx_hal_flash.o
#        E:\STEM32_CustomHID_USB_4\EWARM\STEM32_CustomHID_USB_4\Obj\stm32f4xx_hal_flash_ex.o
#        E:\STEM32_CustomHID_USB_4\EWARM\STEM32_CustomHID_USB_4\Obj\stm32f4xx_hal_flash_ramfunc.o
#        E:\STEM32_CustomHID_USB_4\EWARM\STEM32_CustomHID_USB_4\Obj\stm32f4xx_hal_fmpi2c.o
#        E:\STEM32_CustomHID_USB_4\EWARM\STEM32_CustomHID_USB_4\Obj\stm32f4xx_hal_fmpi2c_ex.o
#        E:\STEM32_CustomHID_USB_4\EWARM\STEM32_CustomHID_USB_4\Obj\stm32f4xx_hal_gpio.o
#        E:\STEM32_CustomHID_USB_4\EWARM\STEM32_CustomHID_USB_4\Obj\stm32f4xx_hal_i2s.o
#        E:\STEM32_CustomHID_USB_4\EWARM\STEM32_CustomHID_USB_4\Obj\stm32f4xx_hal_i2s_ex.o
#        E:\STEM32_CustomHID_USB_4\EWARM\STEM32_CustomHID_USB_4\Obj\stm32f4xx_hal_msp.o
#        E:\STEM32_CustomHID_USB_4\EWARM\STEM32_CustomHID_USB_4\Obj\stm32f4xx_hal_pcd.o
#        E:\STEM32_CustomHID_USB_4\EWARM\STEM32_CustomHID_USB_4\Obj\stm32f4xx_hal_pcd_ex.o
#        E:\STEM32_CustomHID_USB_4\EWARM\STEM32_CustomHID_USB_4\Obj\stm32f4xx_hal_pwr.o
#        E:\STEM32_CustomHID_USB_4\EWARM\STEM32_CustomHID_USB_4\Obj\stm32f4xx_hal_pwr_ex.o
#        E:\STEM32_CustomHID_USB_4\EWARM\STEM32_CustomHID_USB_4\Obj\stm32f4xx_hal_qspi.o
#        E:\STEM32_CustomHID_USB_4\EWARM\STEM32_CustomHID_USB_4\Obj\stm32f4xx_hal_rcc.o
#        E:\STEM32_CustomHID_USB_4\EWARM\STEM32_CustomHID_USB_4\Obj\stm32f4xx_hal_rcc_ex.o
#        E:\STEM32_CustomHID_USB_4\EWARM\STEM32_CustomHID_USB_4\Obj\stm32f4xx_hal_sd.o
#        E:\STEM32_CustomHID_USB_4\EWARM\STEM32_CustomHID_USB_4\Obj\stm32f4xx_hal_sram.o
#        E:\STEM32_CustomHID_USB_4\EWARM\STEM32_CustomHID_USB_4\Obj\stm32f4xx_hal_tim.o
#        E:\STEM32_CustomHID_USB_4\EWARM\STEM32_CustomHID_USB_4\Obj\stm32f4xx_hal_tim_ex.o
#        E:\STEM32_CustomHID_USB_4\EWARM\STEM32_CustomHID_USB_4\Obj\stm32f4xx_hal_uart.o
#        E:\STEM32_CustomHID_USB_4\EWARM\STEM32_CustomHID_USB_4\Obj\stm32f4xx_it.o
#        E:\STEM32_CustomHID_USB_4\EWARM\STEM32_CustomHID_USB_4\Obj\stm32f4xx_ll_fsmc.o
#        E:\STEM32_CustomHID_USB_4\EWARM\STEM32_CustomHID_USB_4\Obj\stm32f4xx_ll_sdmmc.o
#        E:\STEM32_CustomHID_USB_4\EWARM\STEM32_CustomHID_USB_4\Obj\stm32f4xx_ll_usb.o
#        E:\STEM32_CustomHID_USB_4\EWARM\STEM32_CustomHID_USB_4\Obj\system_stm32f4xx.o
#        E:\STEM32_CustomHID_USB_4\EWARM\STEM32_CustomHID_USB_4\Obj\usb_device.o
#        E:\STEM32_CustomHID_USB_4\EWARM\STEM32_CustomHID_USB_4\Obj\usbd_conf.o
#        E:\STEM32_CustomHID_USB_4\EWARM\STEM32_CustomHID_USB_4\Obj\usbd_core.o
#        E:\STEM32_CustomHID_USB_4\EWARM\STEM32_CustomHID_USB_4\Obj\usbd_ctlreq.o
#        E:\STEM32_CustomHID_USB_4\EWARM\STEM32_CustomHID_USB_4\Obj\usbd_desc.o
#        E:\STEM32_CustomHID_USB_4\EWARM\STEM32_CustomHID_USB_4\Obj\usbd_hid.o
#        E:\STEM32_CustomHID_USB_4\EWARM\STEM32_CustomHID_USB_4\Obj\usbd_ioreq.o
#        --redirect _Printf=_PrintfFull --redirect _Scanf=_ScanfFull
#        --no_out_extension -o
#        E:\STEM32_CustomHID_USB_4\EWARM\STEM32_CustomHID_USB_4\Exe\STEM32_CustomHID_USB_4.out
#        --map
#        E:\STEM32_CustomHID_USB_4\EWARM\STEM32_CustomHID_USB_4\List\STEM32_CustomHID_USB_4.map
#        --config E:\STEM32_CustomHID_USB_4\EWARM/stm32f413xx_flash.icf
#        --semihosting --entry __iar_program_start --vfe --text_out locale)
#
###############################################################################

*******************************************************************************
*** RUNTIME MODEL ATTRIBUTES
***

CppFlavor       = *
__Heap_Handler  = DLMalloc
__SystemLibrary = DLib
__dlib_version  = 6


*******************************************************************************
*** HEAP SELECTION
***

The advanced heap was selected because the application calls memory
allocation functions outside of system library functions, and there
are calls to deallocation functions in the application.


*******************************************************************************
*** PLACEMENT SUMMARY
***

"A0":  place at 0x800'0000 { ro section .intvec };
"P1":  place in [from 0x800'0000 to 0x817'ffff] { ro };
define block CSTACK with size = 1K, alignment = 8 { };
define block HEAP with size = 512, alignment = 8 { };
"P2":  place in [from 0x2000'0000 to 0x2004'ffff] {
          rw, block CSTACK, block HEAP };
initialize by copy { rw };

  Section            Kind         Address    Size  Object
  -------            ----         -------    ----  ------
"A0":                                       0x1d8
  .intvec            ro code   0x800'0000   0x1d8  startup_stm32f413xx.o [1]
                             - 0x800'01d8   0x1d8

"P1":                                      0x8a6d
  .text              ro code   0x800'01d8  0x14e0  dlmalloc.o [2]
  .text              ro code   0x800'16b8     0x6  abort.o [2]
  .text              ro code   0x800'16be    0x7a  lz77_init_single.o [4]
  .text              ro code   0x800'1738    0x2c  xgetmemchunk.o [2]
  .text              ro code   0x800'1764    0x14  exit.o [5]
  .text              ro code   0x800'1778   0xf46  xprintffull.o [2]
  .text              ro code   0x800'26be    0x3a  zero_init3.o [4]
  .text              ro code   0x800'26f8    0x78  xlocale_c.o [2]
  .text              ro code   0x800'2770    0x16  strchr.o [4]
  .text              ro code   0x800'2786    0x1e  xencoding_8859_1.o [2]
  .text              ro code   0x800'27a4    0x40  xfail_s.o [2]
  .text              ro code   0x800'27e4    0x36  strlen.o [4]
  .text              ro code   0x800'281c    0x58  memchr.o [4]
  .text              ro code   0x800'2874     0xa  xmbcurmax.o [2]
  .text              ro code   0x800'2880    0x18  ABImemcpy_small.o [4]
  .text              ro code   0x800'2898   0x106  I64DivMod_small.o [4]
  .text              ro code   0x800'29a0   0x1a2  DblMul.o [3]
  .text              ro code   0x800'2b44    0x70  frexp.o [3]
  .text              ro code   0x800'2bb4    0x2e  DblCmpLe.o [3]
  .text              ro code   0x800'2be4    0x2e  DblCmpGe.o [3]
  .text              ro code   0x800'2c14   0x13a  ldexp.o [3]
  .text              ro code   0x800'2d50    0x3a  DblToS32.o [3]
  .text              ro code   0x800'2d8c    0x22  S32ToDbl.o [3]
  .text              ro code   0x800'2db0    0xe2  DblSub.o [3]
  .text              ro code   0x800'2e94   0x246  DblDiv.o [3]
  .text              ro code   0x800'30dc    0x28  DblToU32.o [3]
  .text              ro code   0x800'3104    0x1a  U32ToDbl.o [3]
  .text              ro code   0x800'3120     0x2  I64DivZer.o [4]
  .text              ro code   0x800'3124   0x16a  DblAdd.o [3]
  .text              ro code   0x800'3290   0x8bc  main.o [1]
  .text              ro code   0x800'3b4c    0xc4  stm32f4xx_hal_cortex.o [1]
  .text              ro code   0x800'3c10   0x1e4  stm32f4xx_hal_gpio.o [1]
  .text              ro code   0x800'3df4   0x168  usbd_hid.o [1]
  .text              ro code   0x800'3f5c   0x318  stm32f4xx_hal_uart.o [1]
  .text              ro code   0x800'4274    0x34  stm32f4xx_hal.o [1]
  .text              ro code   0x800'42a8     0x6  ABImemclr4.o [4]
  .text              ro code   0x800'42b0   0x2a8  stm32f4xx_hal_adc.o [1]
  .text              ro code   0x800'4558    0x76  stm32f4xx_hal_dac.o [1]
  .text              ro code   0x800'45d0   0x1c4  stm32f4xx_hal_dfsdm.o [1]
  .text              ro code   0x800'4794    0xb0  stm32f4xx_hal_fmpi2c.o [1]
  .text              ro code   0x800'4844    0x58  stm32f4xx_hal_fmpi2c_ex.o [1]
  .text              ro code   0x800'489c   0x29c  stm32f4xx_hal_i2s.o [1]
  .text              ro code   0x800'4b38   0x102  stm32f4xx_hal_qspi.o [1]
  .text              ro code   0x800'4c3c   0x5e4  stm32f4xx_hal_sd.o [1]
  .text              ro code   0x800'5220    0x40  usb_device.o [1]
  .text              ro code   0x800'5260    0x28  printf.o [2]
  .text              ro code   0x800'5288   0x6e8  stm32f4xx_hal_rcc_ex.o [1]
  .text              ro code   0x800'5970    0x54  stm32f4xx_hal_sram.o [1]
  .text              ro code   0x800'59c4   0x1ac  stm32f4xx_hal_rcc.o [1]
  .text              ro code   0x800'5b70   0x252  usbd_conf.o [1]
  .text              ro code   0x800'5dc2     0x4  heaptramp0.o [2]
  .text              ro code   0x800'5dc6    0x4c  usbd_ioreq.o [1]
  .text              ro code   0x800'5e14   0x44e  usbd_ctlreq.o [1]
  .text              ro code   0x800'6264   0x6e8  stm32f4xx_hal_msp.o [1]
  .text              ro code   0x800'694c     0xc  stm32f4xx_hal.o [1]
  .text              ro code   0x800'6958    0x40  stm32f4xx_hal.o [1]
  .text              ro code   0x800'6998    0x32  ABImemset48.o [4]
  .text              ro code   0x800'69ca     0x2  stm32f4xx_hal_i2s.o [1]
  .text              ro code   0x800'69cc     0x2  stm32f4xx_hal_i2s.o [1]
  .text              ro code   0x800'69ce     0x2  stm32f4xx_hal_i2s.o [1]
  .text              ro code   0x800'69d0   0x4bc  stm32f4xx_ll_sdmmc.o [1]
  .text              ro code   0x800'6e8c    0x28  stm32f4xx_hal.o [1]
  .text              ro code   0x800'6eb4   0x294  usbd_core.o [1]
  .text              ro code   0x800'7148   0x110  stm32f4xx_ll_fsmc.o [1]
  .text              ro code   0x800'7258   0x88e  stm32f4xx_hal_pcd.o [1]
  .text              ro code   0x800'7ae8    0x72  stm32f4xx_hal_pcd_ex.o [1]
  .text              ro code   0x800'7b5c   0x8aa  stm32f4xx_ll_usb.o [1]
  .text              ro code   0x800'8408   0x244  stm32f4xx_hal_i2s_ex.o [1]
  .text              ro code   0x800'864c     0x2  stm32f4xx_hal_i2s_ex.o [1]
  .text              ro code   0x800'8650   0x100  usbd_desc.o [1]
  .rodata            const     0x800'8750    0x8c  main.o [1]
  .text              ro code   0x800'87dc    0x60  system_stm32f4xx.o [1]
  .text              ro code   0x800'883c    0x4c  stm32f4xx_it.o [1]
  .text              ro code   0x800'8888    0x10  stm32f4xx_hal.o [1]
  .text              ro code   0x800'8898    0x28  data_init.o [4]
  .text              ro code   0x800'88c0    0x22  fpinit_M.o [3]
  .iar.init_table    const     0x800'88e4    0x20  - Linker created -
  .text              ro code   0x800'8904    0x1e  cmain.o [4]
  .text              ro code   0x800'8922     0x4  low_level_init.o [2]
  .text              ro code   0x800'8926     0x4  exit.o [2]
  .text              ro code   0x800'892c     0xa  cexit.o [4]
  .text              ro code   0x800'8936    0x16  xprout.o [2]
  .text              ro code   0x800'894c     0xc  putchar.o [2]
  .text              ro code   0x800'8958    0x10  startup_stm32f413xx.o [1]
  .text              ro code   0x800'8968     0xc  cstartup_M.o [4]
  .rodata            const     0x800'8974     0x8  system_stm32f4xx.o [1]
  .rodata            const     0x800'897c     0x6  xlocale_c.o [2]
  .text              ro code   0x800'8982     0x4  startup_stm32f413xx.o [1]
  .text              ro code   0x800'8986     0x4  startup_stm32f413xx.o [1]
  .text              ro code   0x800'898a     0x4  startup_stm32f413xx.o [1]
  .text              ro code   0x800'898e     0x4  startup_stm32f413xx.o [1]
  .text              ro code   0x800'8992     0x4  startup_stm32f413xx.o [1]
  .text              ro code   0x800'8996     0x4  startup_stm32f413xx.o [1]
  .text              ro code   0x800'899a     0x4  startup_stm32f413xx.o [1]
  .text              ro code   0x800'899e     0x4  startup_stm32f413xx.o [1]
  .text              ro code   0x800'89a2     0x4  startup_stm32f413xx.o [1]
  .text              ro code   0x800'89a6     0x4  startup_stm32f413xx.o [1]
  .text              ro code   0x800'89aa     0x4  startup_stm32f413xx.o [1]
  .text              ro code   0x800'89ae     0x4  startup_stm32f413xx.o [1]
  .text              ro code   0x800'89b2     0x4  startup_stm32f413xx.o [1]
  .text              ro code   0x800'89b6     0x4  startup_stm32f413xx.o [1]
  .text              ro code   0x800'89ba     0x4  startup_stm32f413xx.o [1]
  .text              ro code   0x800'89be     0x4  startup_stm32f413xx.o [1]
  .text              ro code   0x800'89c2     0x4  startup_stm32f413xx.o [1]
  .text              ro code   0x800'89c6     0x4  startup_stm32f413xx.o [1]
  .text              ro code   0x800'89ca     0x4  startup_stm32f413xx.o [1]
  .text              ro code   0x800'89ce     0x4  startup_stm32f413xx.o [1]
  .text              ro code   0x800'89d2     0x4  startup_stm32f413xx.o [1]
  .text              ro code   0x800'89d6     0x4  startup_stm32f413xx.o [1]
  .text              ro code   0x800'89da     0x4  startup_stm32f413xx.o [1]
  .text              ro code   0x800'89de     0x4  startup_stm32f413xx.o [1]
  .text              ro code   0x800'89e2     0x4  startup_stm32f413xx.o [1]
  .text              ro code   0x800'89e6     0x4  startup_stm32f413xx.o [1]
  .text              ro code   0x800'89ea     0x4  startup_stm32f413xx.o [1]
  .text              ro code   0x800'89ee     0x4  startup_stm32f413xx.o [1]
  .text              ro code   0x800'89f2     0x4  startup_stm32f413xx.o [1]
  .text              ro code   0x800'89f6     0x4  startup_stm32f413xx.o [1]
  .text              ro code   0x800'89fa     0x4  startup_stm32f413xx.o [1]
  .text              ro code   0x800'89fe     0x4  startup_stm32f413xx.o [1]
  .text              ro code   0x800'8a02     0x4  startup_stm32f413xx.o [1]
  .text              ro code   0x800'8a06     0x4  startup_stm32f413xx.o [1]
  .text              ro code   0x800'8a0a     0x4  startup_stm32f413xx.o [1]
  .text              ro code   0x800'8a0e     0x4  startup_stm32f413xx.o [1]
  .text              ro code   0x800'8a12     0x4  startup_stm32f413xx.o [1]
  .text              ro code   0x800'8a16     0x4  startup_stm32f413xx.o [1]
  .text              ro code   0x800'8a1a     0x4  startup_stm32f413xx.o [1]
  .text              ro code   0x800'8a1e     0x4  startup_stm32f413xx.o [1]
  .text              ro code   0x800'8a22     0x4  startup_stm32f413xx.o [1]
  .text              ro code   0x800'8a26     0x4  startup_stm32f413xx.o [1]
  .text              ro code   0x800'8a2a     0x4  startup_stm32f413xx.o [1]
  .text              ro code   0x800'8a2e     0x4  startup_stm32f413xx.o [1]
  .text              ro code   0x800'8a32     0x4  startup_stm32f413xx.o [1]
  .text              ro code   0x800'8a36     0x4  startup_stm32f413xx.o [1]
  .text              ro code   0x800'8a3a     0x4  startup_stm32f413xx.o [1]
  .text              ro code   0x800'8a3e     0x4  startup_stm32f413xx.o [1]
  .text              ro code   0x800'8a42     0x4  startup_stm32f413xx.o [1]
  .text              ro code   0x800'8a46     0x4  startup_stm32f413xx.o [1]
  .text              ro code   0x800'8a4a     0x4  startup_stm32f413xx.o [1]
  .text              ro code   0x800'8a4e     0x4  startup_stm32f413xx.o [1]
  .text              ro code   0x800'8a52     0x4  startup_stm32f413xx.o [1]
  .text              ro code   0x800'8a56     0x4  startup_stm32f413xx.o [1]
  .text              ro code   0x800'8a5a     0x4  startup_stm32f413xx.o [1]
  .text              ro code   0x800'8a5e     0x4  startup_stm32f413xx.o [1]
  .text              ro code   0x800'8a62     0x4  startup_stm32f413xx.o [1]
  .text              ro code   0x800'8a66     0x4  startup_stm32f413xx.o [1]
  .text              ro code   0x800'8a6a     0x4  startup_stm32f413xx.o [1]
  .text              ro code   0x800'8a6e     0x4  startup_stm32f413xx.o [1]
  .text              ro code   0x800'8a72     0x4  startup_stm32f413xx.o [1]
  .text              ro code   0x800'8a76     0x4  startup_stm32f413xx.o [1]
  .text              ro code   0x800'8a7a     0x4  startup_stm32f413xx.o [1]
  .text              ro code   0x800'8a7e     0x4  startup_stm32f413xx.o [1]
  .text              ro code   0x800'8a82     0x4  startup_stm32f413xx.o [1]
  .text              ro code   0x800'8a86     0x4  startup_stm32f413xx.o [1]
  .text              ro code   0x800'8a8a     0x4  startup_stm32f413xx.o [1]
  .text              ro code   0x800'8a8e     0x4  startup_stm32f413xx.o [1]
  .text              ro code   0x800'8a92     0x4  startup_stm32f413xx.o [1]
  .text              ro code   0x800'8a96     0x4  startup_stm32f413xx.o [1]
  .text              ro code   0x800'8a9a     0x4  startup_stm32f413xx.o [1]
  .text              ro code   0x800'8a9e     0x4  startup_stm32f413xx.o [1]
  .text              ro code   0x800'8aa2     0x4  startup_stm32f413xx.o [1]
  .text              ro code   0x800'8aa6     0x4  startup_stm32f413xx.o [1]
  .text              ro code   0x800'8aaa     0x4  startup_stm32f413xx.o [1]
  .text              ro code   0x800'8aae     0x4  startup_stm32f413xx.o [1]
  .text              ro code   0x800'8ab2     0x4  startup_stm32f413xx.o [1]
  .text              ro code   0x800'8ab6     0x4  startup_stm32f413xx.o [1]
  .text              ro code   0x800'8aba     0x4  startup_stm32f413xx.o [1]
  .text              ro code   0x800'8abe     0x4  startup_stm32f413xx.o [1]
  .text              ro code   0x800'8ac2     0x4  startup_stm32f413xx.o [1]
  .text              ro code   0x800'8ac6     0x4  startup_stm32f413xx.o [1]
  .text              ro code   0x800'8aca     0x4  startup_stm32f413xx.o [1]
  .text              ro code   0x800'8ace     0x4  startup_stm32f413xx.o [1]
  .text              ro code   0x800'8ad2     0x4  startup_stm32f413xx.o [1]
  .text              ro code   0x800'8ad6     0x4  startup_stm32f413xx.o [1]
  .text              ro code   0x800'8ada     0x4  startup_stm32f413xx.o [1]
  .text              ro code   0x800'8ade     0x4  startup_stm32f413xx.o [1]
  .text              ro code   0x800'8ae2     0x4  startup_stm32f413xx.o [1]
  .text              ro code   0x800'8ae6     0x4  startup_stm32f413xx.o [1]
  .text              ro code   0x800'8aea     0x4  startup_stm32f413xx.o [1]
  .text              ro code   0x800'8aee     0x4  startup_stm32f413xx.o [1]
  .text              ro code   0x800'8af2     0x4  startup_stm32f413xx.o [1]
  .text              ro code   0x800'8af6     0x4  startup_stm32f413xx.o [1]
  .rodata            const     0x800'8afa     0x0  zero_init3.o [4]
  .rodata            const     0x800'8afa     0x0  lz77_init_single.o [4]
  Initializer bytes  const     0x800'8afa   0x14b  <for P2-1>
                             - 0x800'8c45  0x8a6d

"P2", part 1 of 3:                          0x25c
  P2-1                        0x2000'0000   0x25c  <Init block>
    .data            inited   0x2000'0000    0x10  main.o [1]
    .data            inited   0x2000'0010     0xc  stm32f4xx_hal.o [1]
    .data            inited   0x2000'001c     0x4  system_stm32f4xx.o [1]
    .data            inited   0x2000'0020    0x1c  usbd_desc.o [1]
    .data            inited   0x2000'003c    0x14  usbd_desc.o [1]
    .data            inited   0x2000'0050     0x4  usbd_desc.o [1]
    .data            inited   0x2000'0054    0x1c  usbd_desc.o [1]
    .data            inited   0x2000'0070    0x38  usbd_hid.o [1]
    .data            inited   0x2000'00a8    0x24  usbd_hid.o [1]
    .data            inited   0x2000'00cc    0x24  usbd_hid.o [1]
    .data            inited   0x2000'00f0    0x24  usbd_hid.o [1]
    .data            inited   0x2000'0114    0x74  usbd_hid.o [1]
    .data            inited   0x2000'0188     0xc  usbd_hid.o [1]
    .data            inited   0x2000'0194    0x38  xlocale_c.o [2]
    .data            inited   0x2000'01cc    0x48  xlocale_c.o [2]
    .data            inited   0x2000'0214    0x48  xfiles.o [2]
                            - 0x2000'025c   0x25c

"P2", part 2 of 3:                          0xed4
  .bss               zero     0x2000'025c   0x408  usbd_conf.o [1]
  .bss               zero     0x2000'0664   0x2a8  main.o [1]
  .bss               zero     0x2000'090c   0x29c  usb_device.o [1]
  .bss               zero     0x2000'0ba8   0x200  usbd_desc.o [1]
  .bss               zero     0x2000'0da8   0x1d8  dlmalloc.o [2]
  .bss               zero     0x2000'0f80    0xa0  main.o [1]
  .bss               zero     0x2000'1020    0x50  xfiles.o [2]
  .bss               zero     0x2000'1070    0x40  main.o [1]
  .bss               zero     0x2000'10b0    0x38  stm32f4xx_hal_dfsdm.o [1]
  .bss               zero     0x2000'10e8    0x18  dlmalloc.o [2]
  .bss               zero     0x2000'1100    0x10  main.o [1]
  .bss               zero     0x2000'1110     0x8  stm32f4xx_hal_msp.o [1]
  .bss               zero     0x2000'1118     0x8  stm32f4xx_it.o [1]
  .bss               zero     0x2000'1120     0x4  stm32f4xx_hal_msp.o [1]
  .bss               zero     0x2000'1124     0x4  xfail_s.o [2]
  .bss               zero     0x2000'1128     0x4  xgetmemchunk.o [2]
  .bss               zero     0x2000'112c     0x1  usbd_ctlreq.o [1]
                            - 0x2000'112d   0xed1

"P2", part 3 of 3:                          0x600
  CSTACK                      0x2000'1130   0x400  <Block>
    CSTACK           uninit   0x2000'1130   0x400  <Block tail>
  HEAP                        0x2000'1530   0x200  <Block>
    HEAP             uninit   0x2000'1530   0x200  <Block tail>
                            - 0x2000'1730   0x600

Unused ranges:

         From           To       Size
         ----           --       ----
   0x800'8c45   0x817'ffff  0x17'73bb
  0x2000'1730  0x2004'ffff   0x4'e8d0


*******************************************************************************
*** INIT TABLE
***

          Address      Size
          -------      ----
Zero (__iar_zero_init3)
    1 destination range, total size 0xed1:
          0x2000'025c  0xed1

Copy/lz77 (__iar_lz77_init_single3)
    1 source range, total size 0x14b (54% of destination):
           0x800'8afa  0x14b
    1 destination range, total size 0x25c:
          0x2000'0000  0x25c



*******************************************************************************
*** MODULE SUMMARY
***

    Module                     ro code  ro data  rw data
    ------                     -------  -------  -------
command line/config:
    ----------------------------------------------------
    Total:

E:\STEM32_CustomHID_USB_4\EWARM\STEM32_CustomHID_USB_4\Obj: [1]
    main.o                       2 236      148      936
    startup_stm32f413xx.o          864
    stm32f4xx_hal.o                184        7       12
    stm32f4xx_hal_adc.o            680
    stm32f4xx_hal_cortex.o         196
    stm32f4xx_hal_dac.o            118
    stm32f4xx_hal_dfsdm.o          452                56
    stm32f4xx_hal_fmpi2c.o         176
    stm32f4xx_hal_fmpi2c_ex.o       88
    stm32f4xx_hal_gpio.o           484
    stm32f4xx_hal_i2s.o            674
    stm32f4xx_hal_i2s_ex.o         582
    stm32f4xx_hal_msp.o          1 768                12
    stm32f4xx_hal_pcd.o          2 190
    stm32f4xx_hal_pcd_ex.o         114
    stm32f4xx_hal_qspi.o           258
    stm32f4xx_hal_rcc.o            428
    stm32f4xx_hal_rcc_ex.o       1 768
    stm32f4xx_hal_sd.o           1 508
    stm32f4xx_hal_sram.o            84
    stm32f4xx_hal_uart.o           792
    stm32f4xx_it.o                  76                 8
    stm32f4xx_ll_fsmc.o            272
    stm32f4xx_ll_sdmmc.o         1 212
    stm32f4xx_ll_usb.o           2 218
    system_stm32f4xx.o              96       10        4
    usb_device.o                    64               668
    usbd_conf.o                    594             1 032
    usbd_core.o                    660
    usbd_ctlreq.o                1 102                 1
    usbd_desc.o                    256       44      592
    usbd_hid.o                     360      160      292
    usbd_ioreq.o                    76
    ----------------------------------------------------
    Total:                      22 630      369    3 613

dl7M_tlf.a: [2]
    abort.o                          6
    dlmalloc.o                   5 344               496
    exit.o                           4
    heaptramp0.o                     4
    low_level_init.o                 4
    printf.o                        40
    putchar.o                       12
    xencoding_8859_1.o              30
    xfail_s.o                       64                 4
    xfiles.o                                 40      152
    xgetmemchunk.o                  44                 4
    xlocale_c.o                    120       76      128
    xmbcurmax.o                     10
    xprintffull.o                3 910
    xprout.o                        22
    ----------------------------------------------------
    Total:                       9 614      116      784

m7M_tls.a: [3]
    DblAdd.o                       362
    DblCmpGe.o                      46
    DblCmpLe.o                      46
    DblDiv.o                       582
    DblMul.o                       418
    DblSub.o                       226
    DblToS32.o                      58
    DblToU32.o                      40
    S32ToDbl.o                      34
    U32ToDbl.o                      26
    fpinit_M.o                      34
    frexp.o                        112
    ldexp.o                        314
    ----------------------------------------------------
    Total:                       2 298

rt7M_tl.a: [4]
    ABImemclr4.o                     6
    ABImemcpy_small.o               24
    ABImemset48.o                   50
    I64DivMod_small.o              262
    I64DivZer.o                      2
    cexit.o                         10
    cmain.o                         30
    cstartup_M.o                    12
    data_init.o                     40
    lz77_init_single.o             122
    memchr.o                        88
    strchr.o                        22
    strlen.o                        54
    zero_init3.o                    58
    ----------------------------------------------------
    Total:                         780

shb_l.a: [5]
    exit.o                          20
    ----------------------------------------------------
    Total:                          20

    Gaps                            48        2
    Linker created                           32    1 536
--------------------------------------------------------
    Grand Total:                35 390      519    5 933


*******************************************************************************
*** ENTRY LIST
***

Entry                       Address   Size  Type      Object
-----                       -------   ----  ----      ------
.iar.init_table$$Base    0x800'88e4          --   Gb  - Linker created -
.iar.init_table$$Limit   0x800'8904          --   Gb  - Linker created -
?main                    0x800'8905         Code  Gb  cmain.o [4]
ADC_Init                 0x800'4447   0xf8  Code  Lc  stm32f4xx_hal_adc.o [1]
AHBPrescTable            0x800'882c   0x10  Data  Gb  system_stm32f4xx.o [1]
APBPrescTable            0x800'8974    0x8  Data  Gb  system_stm32f4xx.o [1]
BSP_JOY_Init             0x800'3291   0xa0  Code  Gb  main.o [1]
BusFault_Handler         0x800'8843    0x2  Code  Gb  stm32f4xx_it.o [1]
CSTACK$$Base            0x2000'1130          --   Gb  - Linker created -
CSTACK$$Limit           0x2000'1530          --   Gb  - Linker created -
CacheMore                0x800'26fd   0x24  Code  Lc  xlocale_c.o [2]
Check_JOYSTICK           0x800'333d   0xe6  Code  Gb  main.o [1]
DFSDM1_Init             0x2000'1110    0x4  Data  Lc  stm32f4xx_hal_msp.o [1]
DFSDM2_Init             0x2000'1114    0x4  Data  Lc  stm32f4xx_hal_msp.o [1]
DFSDM_GetChannelFromInstance
                         0x800'46fd   0x64  Code  Lc  stm32f4xx_hal_dfsdm.o [1]
DebugMon_Handler         0x800'8849    0x2  Code  Gb  stm32f4xx_it.o [1]
Error_Handler            0x800'3b1d    0x2  Code  Gb  main.o [1]
FSMC_Initialized        0x2000'1120    0x4  Data  Lc  stm32f4xx_hal_msp.o [1]
FSMC_NORSRAM_Extended_Timing_Init
                         0x800'7213   0x3c  Code  Gb  stm32f4xx_ll_fsmc.o [1]
FSMC_NORSRAM_Init        0x800'7149   0x74  Code  Gb  stm32f4xx_ll_fsmc.o [1]
FSMC_NORSRAM_Timing_Init
                         0x800'71bd   0x56  Code  Gb  stm32f4xx_ll_fsmc.o [1]
FS_Desc                 0x2000'0020   0x1c  Data  Gb  usbd_desc.o [1]
HAL_ADC_ConfigChannel    0x800'4301  0x120  Code  Gb  stm32f4xx_hal_adc.o [1]
HAL_ADC_Init             0x800'42b1   0x50  Code  Gb  stm32f4xx_hal_adc.o [1]
HAL_ADC_MspInit          0x800'629b   0x6a  Code  Gb  stm32f4xx_hal_msp.o [1]
HAL_DAC_ConfigChannel    0x800'4581   0x42  Code  Gb  stm32f4xx_hal_dac.o [1]
HAL_DAC_Init             0x800'4559   0x28  Code  Gb  stm32f4xx_hal_dac.o [1]
HAL_DAC_MspInit          0x800'6313   0x4e  Code  Gb  stm32f4xx_hal_msp.o [1]
HAL_DFSDM_ChannelInit    0x800'45d1   0xf8  Code  Gb  stm32f4xx_hal_dfsdm.o [1]
HAL_DFSDM_ChannelMspInit
                         0x800'6361  0x10a  Code  Gb  stm32f4xx_hal_msp.o [1]
HAL_Delay                0x800'6e8d   0x28  Code  Wk  stm32f4xx_hal.o [1]
HAL_FMPI2CEx_ConfigAnalogFilter
                         0x800'4845   0x2a  Code  Gb  stm32f4xx_hal_fmpi2c_ex.o [1]
HAL_FMPI2C_Init          0x800'4795   0xa0  Code  Gb  stm32f4xx_hal_fmpi2c.o [1]
HAL_FMPI2C_MspInit       0x800'64a7   0x56  Code  Gb  stm32f4xx_hal_msp.o [1]
HAL_GPIO_Init            0x800'3c11  0x19a  Code  Gb  stm32f4xx_hal_gpio.o [1]
HAL_GPIO_ReadPin         0x800'3dab    0xc  Code  Gb  stm32f4xx_hal_gpio.o [1]
HAL_GPIO_TogglePin       0x800'3dbf    0xe  Code  Gb  stm32f4xx_hal_gpio.o [1]
HAL_GPIO_WritePin        0x800'3db7    0x8  Code  Gb  stm32f4xx_hal_gpio.o [1]
HAL_GetTick              0x800'694d    0xc  Code  Wk  stm32f4xx_hal.o [1]
HAL_I2SEx_FullDuplex_IRQHandler
                         0x800'8409  0x1f8  Code  Gb  stm32f4xx_hal_i2s_ex.o [1]
HAL_I2S_ErrorCallback    0x800'69cd    0x2  Code  Wk  stm32f4xx_hal_i2s.o [1]
HAL_I2S_Init             0x800'489d  0x17a  Code  Gb  stm32f4xx_hal_i2s.o [1]
HAL_I2S_MspInit          0x800'6515   0x9e  Code  Gb  stm32f4xx_hal_msp.o [1]
HAL_IncTick              0x800'8889   0x10  Code  Wk  stm32f4xx_hal.o [1]
HAL_Init                 0x800'4275   0x30  Code  Gb  stm32f4xx_hal.o [1]
HAL_InitTick             0x800'6959   0x40  Code  Wk  stm32f4xx_hal.o [1]
HAL_MspInit              0x800'6265   0x36  Code  Gb  stm32f4xx_hal_msp.o [1]
HAL_NVIC_EnableIRQ       0x800'3bbb   0x16  Code  Gb  stm32f4xx_hal_cortex.o [1]
HAL_NVIC_SetPriority     0x800'3b81   0x3a  Code  Gb  stm32f4xx_hal_cortex.o [1]
HAL_NVIC_SetPriorityGrouping
                         0x800'3b67   0x1a  Code  Gb  stm32f4xx_hal_cortex.o [1]
HAL_PCDEx_ActivateLPM    0x800'7b33   0x26  Code  Gb  stm32f4xx_hal_pcd_ex.o [1]
HAL_PCDEx_LPM_Callback   0x800'7b59    0x2  Code  Wk  stm32f4xx_hal_pcd_ex.o [1]
HAL_PCDEx_SetRxFiFo      0x800'7b2b    0x8  Code  Gb  stm32f4xx_hal_pcd_ex.o [1]
HAL_PCDEx_SetTxFiFo      0x800'7ae9   0x42  Code  Gb  stm32f4xx_hal_pcd_ex.o [1]
HAL_PCD_ConnectCallback
                         0x800'5ca3    0x8  Code  Gb  usbd_conf.o [1]
HAL_PCD_DataInStageCallback
                         0x800'5c23   0x12  Code  Gb  usbd_conf.o [1]
HAL_PCD_DataOutStageCallback
                         0x800'5c0f   0x14  Code  Gb  usbd_conf.o [1]
HAL_PCD_DisconnectCallback
                         0x800'5cab    0x8  Code  Gb  usbd_conf.o [1]
HAL_PCD_EP_Close         0x800'782f   0x20  Code  Gb  stm32f4xx_hal_pcd.o [1]
HAL_PCD_EP_ClrStall      0x800'7921   0x2e  Code  Gb  stm32f4xx_hal_pcd.o [1]
HAL_PCD_EP_Open          0x800'77d9   0x56  Code  Gb  stm32f4xx_hal_pcd.o [1]
HAL_PCD_EP_Receive       0x800'784f   0x16  Code  Gb  stm32f4xx_hal_pcd.o [1]
HAL_PCD_EP_SetStall      0x800'78b5   0x64  Code  Gb  stm32f4xx_hal_pcd.o [1]
HAL_PCD_EP_Transmit      0x800'7865   0x12  Code  Gb  stm32f4xx_hal_pcd.o [1]
HAL_PCD_IRQHandler       0x800'734d  0x426  Code  Gb  stm32f4xx_hal_pcd.o [1]
HAL_PCD_ISOINIncompleteCallback
                         0x800'5c9b    0x8  Code  Gb  usbd_conf.o [1]
HAL_PCD_ISOOUTIncompleteCallback
                         0x800'5c93    0x8  Code  Gb  usbd_conf.o [1]
HAL_PCD_Init             0x800'7259   0xc4  Code  Gb  stm32f4xx_hal_pcd.o [1]
HAL_PCD_MspInit          0x800'5b71   0x92  Code  Gb  usbd_conf.o [1]
HAL_PCD_ResetCallback    0x800'5c3d   0x24  Code  Gb  usbd_conf.o [1]
HAL_PCD_ResumeCallback   0x800'5c8b    0x8  Code  Gb  usbd_conf.o [1]
HAL_PCD_SOFCallback      0x800'5c35    0x8  Code  Gb  usbd_conf.o [1]
HAL_PCD_SetAddress       0x800'77ab   0x1c  Code  Gb  stm32f4xx_hal_pcd.o [1]
HAL_PCD_SetupStageCallback
                         0x800'5c03    0xc  Code  Gb  usbd_conf.o [1]
HAL_PCD_Start            0x800'7335   0x18  Code  Gb  stm32f4xx_hal_pcd.o [1]
HAL_PCD_SuspendCallback
                         0x800'5c61   0x2a  Code  Gb  usbd_conf.o [1]
HAL_QSPI_Init            0x800'4b39   0xa8  Code  Gb  stm32f4xx_hal_qspi.o [1]
HAL_QSPI_MspInit         0x800'65f9   0xc0  Code  Gb  stm32f4xx_hal_msp.o [1]
HAL_RCCEx_GetPeriphCLKFreq
                         0x800'5571   0xd8  Code  Gb  stm32f4xx_hal_rcc_ex.o [1]
HAL_RCCEx_PeriphCLKConfig
                         0x800'5289  0x2be  Code  Gb  stm32f4xx_hal_rcc_ex.o [1]
HAL_RCC_ClockConfig      0x800'59c5   0xfe  Code  Gb  stm32f4xx_hal_rcc.o [1]
HAL_RCC_GetHCLKFreq      0x800'5acf    0x6  Code  Gb  stm32f4xx_hal_rcc.o [1]
HAL_RCC_GetPCLK1Freq     0x800'5ad5   0x10  Code  Gb  stm32f4xx_hal_rcc.o [1]
HAL_RCC_GetPCLK2Freq     0x800'5ae5    0xe  Code  Gb  stm32f4xx_hal_rcc.o [1]
HAL_RCC_OscConfig        0x800'5649  0x2e0  Code  Gb  stm32f4xx_hal_rcc_ex.o [1]
HAL_SD_ConfigWideBusOperation
                         0x800'4ea9  0x108  Code  Gb  stm32f4xx_hal_sd.o [1]
HAL_SD_GetCardCSD        0x800'4cdd  0x1cc  Code  Gb  stm32f4xx_hal_sd.o [1]
HAL_SD_Init              0x800'4c3d   0x34  Code  Gb  stm32f4xx_hal_sd.o [1]
HAL_SD_InitCard          0x800'4c71   0x66  Code  Gb  stm32f4xx_hal_sd.o [1]
HAL_SD_MspInit           0x800'6719   0x64  Code  Gb  stm32f4xx_hal_msp.o [1]
HAL_SRAM_Init            0x800'5971   0x54  Code  Gb  stm32f4xx_hal_sram.o [1]
HAL_SRAM_MspInit         0x800'684f   0x78  Code  Gb  stm32f4xx_hal_msp.o [1]
HAL_SYSTICK_Config       0x800'3bd1   0x28  Code  Gb  stm32f4xx_hal_cortex.o [1]
HAL_UART_Init            0x800'3f5d   0x1e  Code  Gb  stm32f4xx_hal_uart.o [1]
HAL_UART_MspInit         0x800'67b5   0x6e  Code  Gb  stm32f4xx_hal_msp.o [1]
HAL_UART_Transmit        0x800'3fd3   0xac  Code  Gb  stm32f4xx_hal_uart.o [1]
HEAP$$Base              0x2000'1530          --   Gb  - Linker created -
HEAP$$Limit             0x2000'1730          --   Gb  - Linker created -
HID_MOUSE_ReportDesc    0x2000'0120   0x68  Data  Lc  usbd_hid.o [1]
HardFault_Handler        0x800'883f    0x2  Code  Gb  stm32f4xx_it.o [1]
I2S_IRQHandler           0x800'4a31   0xf6  Code  Lc  stm32f4xx_hal_i2s.o [1]
IntToUnicode             0x800'86e1   0x26  Code  Lc  usbd_desc.o [1]
JOY_IRQn                 0x800'3b48    0x4  Data  Gb  main.o [1]
JOY_PIN                  0x800'3b40    0x8  Data  Gb  main.o [1]
JOY_PORT                0x2000'0000   0x10  Data  Gb  main.o [1]
LoadInt                  0x800'193b   0x7a  Code  Lc  xprintffull.o [2]
MX_FSMC_Init             0x800'397b   0xb6  Code  Lc  main.o [1]
MX_GPIO_Init             0x800'36e7  0x246  Code  Lc  main.o [1]
MX_USB_DEVICE_Init       0x800'5221   0x40  Code  Gb  usb_device.o [1]
MemManage_Handler        0x800'8841    0x2  Code  Gb  stm32f4xx_it.o [1]
My_check                0x2000'1118    0x1  Data  Lc  stm32f4xx_it.o [1]
NMI_Handler              0x800'883d    0x2  Code  Gb  stm32f4xx_it.o [1]
OTG_FS_IRQHandler        0x800'8875    0x6  Code  Gb  stm32f4xx_it.o [1]
PCD_EP_OutXfrComplete_int
                         0x800'7a1f   0xb4  Code  Lc  stm32f4xx_hal_pcd.o [1]
PCD_WriteEmptyTxFifo     0x800'7985   0x9a  Code  Lc  stm32f4xx_hal_pcd.o [1]
PendSV_Handler           0x800'884b    0x2  Code  Gb  stm32f4xx_it.o [1]
QSPI_WaitFlagStateUntilTimeout
                         0x800'4bf3   0x48  Code  Lc  stm32f4xx_hal_qspi.o [1]
Region$$Table$$Base      0x800'88e4          --   Gb  - Linker created -
Region$$Table$$Limit     0x800'8904          --   Gb  - Linker created -
SDIO_ConfigData          0x800'6a47   0x26  Code  Gb  stm32f4xx_ll_sdmmc.o [1]
SDIO_GetPowerState       0x800'6a07    0x8  Code  Gb  stm32f4xx_ll_sdmmc.o [1]
SDIO_GetResponse         0x800'6a31   0x16  Code  Gb  stm32f4xx_ll_sdmmc.o [1]
SDIO_Init                0x800'69d1   0x2a  Code  Gb  stm32f4xx_ll_sdmmc.o [1]
SDIO_PowerState_ON       0x800'69fd    0x4  Code  Gb  stm32f4xx_ll_sdmmc.o [1]
SDIO_ReadFIFO            0x800'69fb    0x2  Code  Gb  stm32f4xx_ll_sdmmc.o [1]
SDIO_SendCommand         0x800'6a0f   0x22  Code  Gb  stm32f4xx_ll_sdmmc.o [1]
SDMMC_CmdAppCommand      0x800'6b73   0x16  Code  Gb  stm32f4xx_ll_sdmmc.o [1]
SDMMC_CmdAppOperCommand
                         0x800'6b89   0x1e  Code  Gb  stm32f4xx_ll_sdmmc.o [1]
SDMMC_CmdBlockLength     0x800'6a73   0x16  Code  Gb  stm32f4xx_ll_sdmmc.o [1]
SDMMC_CmdBusWidth        0x800'6bb5    0x4  Code  Gb  stm32f4xx_ll_sdmmc.o [1]
SDMMC_CmdGoIdleState     0x800'6ad5   0x34  Code  Gb  stm32f4xx_ll_sdmmc.o [1]
SDMMC_CmdOperCond        0x800'6b09   0x52  Code  Gb  stm32f4xx_ll_sdmmc.o [1]
SDMMC_CmdSelDesel        0x800'6ab5   0x20  Code  Gb  stm32f4xx_ll_sdmmc.o [1]
SDMMC_CmdSendCID         0x800'6bd9   0x14  Code  Gb  stm32f4xx_ll_sdmmc.o [1]
SDMMC_CmdSendCSD         0x800'6bed   0x10  Code  Gb  stm32f4xx_ll_sdmmc.o [1]
SDMMC_CmdSendSCR         0x800'6bb9   0x18  Code  Gb  stm32f4xx_ll_sdmmc.o [1]
SDMMC_CmdSetRelAdd       0x800'6c0b   0x8a  Code  Gb  stm32f4xx_ll_sdmmc.o [1]
SDMMC_GetCmdResp1        0x800'6ce1  0x116  Code  Lc  stm32f4xx_ll_sdmmc.o [1]
SDMMC_GetCmdResp2        0x800'6df7   0x3e  Code  Lc  stm32f4xx_ll_sdmmc.o [1]
SDMMC_GetCmdResp3        0x800'6e35   0x34  Code  Lc  stm32f4xx_ll_sdmmc.o [1]
SD_FindSCR               0x800'512f   0xdc  Code  Lc  stm32f4xx_hal_sd.o [1]
SD_InitCard              0x800'4fbb   0xc4  Code  Lc  stm32f4xx_hal_sd.o [1]
SD_PowerON               0x800'508f   0x94  Code  Lc  stm32f4xx_hal_sd.o [1]
SVC_Handler              0x800'8847    0x2  Code  Gb  stm32f4xx_it.o [1]
SysTick_Handler          0x800'884d   0x28  Code  Gb  stm32f4xx_it.o [1]
SystemClock_Config       0x800'3661   0x86  Code  Gb  main.o [1]
SystemCoreClock         0x2000'001c    0x4  Data  Gb  system_stm32f4xx.o [1]
SystemInit               0x800'87dd   0x3a  Code  Gb  system_stm32f4xx.o [1]
UART_SetConfig           0x800'40eb  0x13e  Code  Lc  stm32f4xx_hal_uart.o [1]
UART_WaitOnFlagUntilTimeout
                         0x800'4087   0x56  Code  Lc  stm32f4xx_hal_uart.o [1]
USBD_ClrClassConfig      0x800'6f0b    0xa  Code  Gb  usbd_core.o [1]
USBD_CtlContinueRx       0x800'5de7    0x4  Code  Gb  usbd_ioreq.o [1]
USBD_CtlContinueSendData
                         0x800'5dd7    0x4  Code  Gb  usbd_ioreq.o [1]
USBD_CtlError            0x800'6207   0x16  Code  Gb  usbd_ctlreq.o [1]
USBD_CtlReceiveStatus    0x800'5e05    0xe  Code  Gb  usbd_ioreq.o [1]
USBD_CtlSendData         0x800'5dc7   0x10  Code  Gb  usbd_ioreq.o [1]
USBD_CtlSendStatus       0x800'5df7    0xe  Code  Gb  usbd_ioreq.o [1]
USBD_FS_ConfigStrDescriptor
                         0x800'86ad    0xc  Code  Gb  usbd_desc.o [1]
USBD_FS_DeviceDesc      0x2000'003c   0x14  Data  Gb  usbd_desc.o [1]
USBD_FS_DeviceDescriptor
                         0x800'8651    0x8  Code  Gb  usbd_desc.o [1]
USBD_FS_InterfaceStrDescriptor
                         0x800'86d5    0xc  Code  Gb  usbd_desc.o [1]
USBD_FS_LangIDStrDescriptor
                         0x800'8659    0x8  Code  Gb  usbd_desc.o [1]
USBD_FS_ManufacturerStrDescriptor
                         0x800'866d    0xa  Code  Gb  usbd_desc.o [1]
USBD_FS_ProductStrDescriptor
                         0x800'8661    0xc  Code  Gb  usbd_desc.o [1]
USBD_FS_SerialStrDescriptor
                         0x800'8681   0x2c  Code  Gb  usbd_desc.o [1]
USBD_GetDescriptor       0x800'60e1   0xf6  Code  Lc  usbd_ctlreq.o [1]
USBD_GetString           0x800'621d   0x46  Code  Gb  usbd_ctlreq.o [1]
USBD_Get_USB_Status      0x800'5db1   0x12  Code  Gb  usbd_conf.o [1]
USBD_HID                0x2000'0070   0x38  Data  Gb  usbd_hid.o [1]
USBD_HID_CfgFSDesc      0x2000'00a8   0x24  Data  Lc  usbd_hid.o [1]
USBD_HID_CfgHSDesc      0x2000'00cc   0x24  Data  Lc  usbd_hid.o [1]
USBD_HID_DataIn          0x800'3f33    0xc  Code  Lc  usbd_hid.o [1]
USBD_HID_DeInit          0x800'3e1f   0x22  Code  Lc  usbd_hid.o [1]
USBD_HID_Desc           0x2000'0114    0xc  Data  Lc  usbd_hid.o [1]
USBD_HID_DeviceQualifierDesc
                        0x2000'0188    0xc  Data  Lc  usbd_hid.o [1]
USBD_HID_GetDeviceQualifierDesc
                         0x800'3f3f    0x8  Code  Lc  usbd_hid.o [1]
USBD_HID_GetFSCfgDesc    0x800'3f1b    0x8  Code  Lc  usbd_hid.o [1]
USBD_HID_GetHSCfgDesc    0x800'3f23    0x8  Code  Lc  usbd_hid.o [1]
USBD_HID_GetOtherSpeedCfgDesc
                         0x800'3f2b    0x8  Code  Lc  usbd_hid.o [1]
USBD_HID_Init            0x800'3df5   0x2a  Code  Lc  usbd_hid.o [1]
USBD_HID_OtherSpeedCfgDesc
                        0x2000'00f0   0x24  Data  Lc  usbd_hid.o [1]
USBD_HID_SendReport      0x800'3ef5   0x26  Code  Gb  usbd_hid.o [1]
USBD_HID_Setup           0x800'3e41   0xb4  Code  Lc  usbd_hid.o [1]
USBD_Init                0x800'6eb5   0x26  Code  Gb  usbd_core.o [1]
USBD_LL_ClearStallEP     0x800'5d63    0xc  Code  Gb  usbd_conf.o [1]
USBD_LL_CloseEP          0x800'5d4b    0xc  Code  Gb  usbd_conf.o [1]
USBD_LL_DataInStage      0x800'6feb   0xae  Code  Gb  usbd_core.o [1]
USBD_LL_DataOutStage     0x800'6f69   0x7a  Code  Gb  usbd_core.o [1]
USBD_LL_DevConnected     0x800'712d    0x4  Code  Gb  usbd_core.o [1]
USBD_LL_DevDisconnected
                         0x800'7131   0x12  Code  Gb  usbd_core.o [1]
USBD_LL_Init             0x800'5cb3   0x5e  Code  Gb  usbd_conf.o [1]
USBD_LL_IsStallEP        0x800'5d6f   0x1e  Code  Gb  usbd_conf.o [1]
USBD_LL_IsoINIncomplete
                         0x800'7125    0x4  Code  Gb  usbd_core.o [1]
USBD_LL_IsoOUTIncomplete
                         0x800'7129    0x4  Code  Gb  usbd_core.o [1]
USBD_LL_OpenEP           0x800'5d35   0x16  Code  Gb  usbd_conf.o [1]
USBD_LL_PrepareReceive   0x800'5da5    0xc  Code  Gb  usbd_conf.o [1]
USBD_LL_Reset            0x800'7099   0x52  Code  Gb  usbd_core.o [1]
USBD_LL_Resume           0x800'7101    0xc  Code  Gb  usbd_core.o [1]
USBD_LL_SOF              0x800'710d   0x18  Code  Gb  usbd_core.o [1]
USBD_LL_SetSpeed         0x800'70eb    0x6  Code  Gb  usbd_core.o [1]
USBD_LL_SetUSBAddress    0x800'5d8d    0xc  Code  Gb  usbd_conf.o [1]
USBD_LL_SetupStage       0x800'6f15   0x54  Code  Gb  usbd_core.o [1]
USBD_LL_StallEP          0x800'5d57    0xc  Code  Gb  usbd_conf.o [1]
USBD_LL_Start            0x800'5d25    0xa  Code  Gb  usbd_conf.o [1]
USBD_LL_Suspend          0x800'70f1   0x10  Code  Gb  usbd_core.o [1]
USBD_LL_Transmit         0x800'5d99    0xc  Code  Gb  usbd_conf.o [1]
USBD_LangIDDesc         0x2000'0050    0x4  Data  Gb  usbd_desc.o [1]
USBD_ParseSetupRequest   0x800'61dd   0x2a  Code  Gb  usbd_ctlreq.o [1]
USBD_RegisterClass       0x800'6edb   0x10  Code  Gb  usbd_core.o [1]
USBD_SetClassConfig      0x800'6ef5   0x16  Code  Gb  usbd_core.o [1]
USBD_SetConfig::cfgidx  0x2000'112c    0x1  Data  Lc  usbd_ctlreq.o [1]
USBD_Start               0x800'6eeb    0xa  Code  Gb  usbd_core.o [1]
USBD_StdDevReq           0x800'5e15  0x14e  Code  Gb  usbd_ctlreq.o [1]
USBD_StdEPReq            0x800'5fb7  0x124  Code  Gb  usbd_ctlreq.o [1]
USBD_StdItfReq           0x800'5f69   0x42  Code  Gb  usbd_ctlreq.o [1]
USBD_StrDesc            0x2000'0ba8  0x200  Data  Gb  usbd_desc.o [1]
USBD_StringSerial       0x2000'0054   0x1c  Data  Gb  usbd_desc.o [1]
USB_ActivateEndpoint     0x800'7e8d   0x5e  Code  Gb  stm32f4xx_ll_usb.o [1]
USB_ActivateSetup        0x800'82e7   0x2a  Code  Gb  stm32f4xx_ll_usb.o [1]
USB_CoreInit             0x800'7b5d   0x78  Code  Gb  stm32f4xx_ll_usb.o [1]
USB_CoreReset            0x800'8355   0x2a  Code  Lc  stm32f4xx_ll_usb.o [1]
USB_DeactivateEndpoint   0x800'7f07   0x60  Code  Gb  stm32f4xx_ll_usb.o [1]
USB_DevConnect           0x800'8257    0xe  Code  Gb  stm32f4xx_ll_usb.o [1]
USB_DevDisconnect        0x800'8265    0xc  Code  Gb  stm32f4xx_ll_usb.o [1]
USB_DevInit              0x800'7ccb  0x164  Code  Gb  stm32f4xx_ll_usb.o [1]
USB_DisableGlobalInt     0x800'7c97    0x6  Code  Gb  stm32f4xx_ll_usb.o [1]
USB_EP0StartXfer         0x800'80cf   0xc8  Code  Gb  stm32f4xx_ll_usb.o [1]
USB_EP0_OutStart         0x800'8311   0x44  Code  Gb  stm32f4xx_ll_usb.o [1]
USB_EPClearStall         0x800'8209   0x32  Code  Gb  stm32f4xx_ll_usb.o [1]
USB_EPSetStall           0x800'81d9   0x30  Code  Gb  stm32f4xx_ll_usb.o [1]
USB_EPStartXfer          0x800'7f73  0x15c  Code  Gb  stm32f4xx_ll_usb.o [1]
USB_EnableGlobalInt      0x800'7c8f    0x8  Code  Gb  stm32f4xx_ll_usb.o [1]
USB_FlushRxFifo          0x800'7e4d   0x1a  Code  Gb  stm32f4xx_ll_usb.o [1]
USB_FlushTxFifo          0x800'7e2f   0x1e  Code  Gb  stm32f4xx_ll_usb.o [1]
USB_GetDevSpeed          0x800'7e71   0x1c  Code  Gb  stm32f4xx_ll_usb.o [1]
USB_GetMode              0x800'82df    0x8  Code  Gb  stm32f4xx_ll_usb.o [1]
USB_ReadDevAllInEpInterrupt
                         0x800'8295    0xe  Code  Gb  stm32f4xx_ll_usb.o [1]
USB_ReadDevAllOutEpInterrupt
                         0x800'8287    0xe  Code  Gb  stm32f4xx_ll_usb.o [1]
USB_ReadDevInEPInterrupt
                         0x800'82b9   0x26  Code  Gb  stm32f4xx_ll_usb.o [1]
USB_ReadDevOutEPInterrupt
                         0x800'82a3   0x16  Code  Gb  stm32f4xx_ll_usb.o [1]
USB_ReadInterrupts       0x800'827d    0xa  Code  Gb  stm32f4xx_ll_usb.o [1]
USB_ReadPacket           0x800'81bb   0x1e  Code  Gb  stm32f4xx_ll_usb.o [1]
USB_SetCurrentMode       0x800'7ca3   0x28  Code  Gb  stm32f4xx_ll_usb.o [1]
USB_SetDevAddress        0x800'823b   0x16  Code  Gb  stm32f4xx_ll_usb.o [1]
USB_SetDevSpeed          0x800'7e67    0xa  Code  Gb  stm32f4xx_ll_usb.o [1]
USB_SetTurnaroundTime    0x800'7bd5   0xba  Code  Gb  stm32f4xx_ll_usb.o [1]
USB_WritePacket          0x800'8197   0x24  Code  Gb  stm32f4xx_ll_usb.o [1]
UsageFault_Handler       0x800'8845    0x2  Code  Gb  stm32f4xx_it.o [1]
_Encoding_8859_1_Mbrlen
                         0x800'2799    0x2  Code  Gb  xencoding_8859_1.o [2]
_Encoding_8859_1_Wctomb
                         0x800'2787   0x12  Code  Gb  xencoding_8859_1.o [2]
_GenldFull               0x800'2399  0x274  Code  Lc  xprintffull.o [2]
_LdtobFull               0x800'1f95  0x3d6  Code  Lc  xprintffull.o [2]
_LitobFull               0x800'1e45  0x10a  Code  Lc  xprintffull.o [2]
_Locale_lconv           0x2000'0194   0x38  Data  Lc  xlocale_c.o [2]
_PrintfFull              0x800'1779  0x1aa  Code  Gb  xprintffull.o [2]
_Prout                   0x800'8937   0x16  Code  Gb  xprout.o [2]
_PutcharsFull            0x800'260d   0x2e  Code  Lc  xprintffull.o [2]
_PutfldFull              0x800'19b5  0x2d4  Code  Lc  xprintffull.o [2]
_PutstrFull              0x800'1d7f   0xc6  Code  Lc  xprintffull.o [2]
_PuttxtFull              0x800'1c89   0xf6  Code  Lc  xprintffull.o [2]
__NVIC_SetPriority       0x800'3b4d   0x1a  Code  Lc  stm32f4xx_hal_cortex.o [1]
__aeabi_cdcmple          0x800'2bb5         Code  Gb  DblCmpLe.o [3]
__aeabi_cdrcmple         0x800'2be5         Code  Gb  DblCmpGe.o [3]
__aeabi_d2iz             0x800'2d51         Code  Gb  DblToS32.o [3]
__aeabi_d2uiz            0x800'30dd         Code  Gb  DblToU32.o [3]
__aeabi_ddiv             0x800'2e95         Code  Gb  DblDiv.o [3]
__aeabi_dmul             0x800'29a1         Code  Gb  DblMul.o [3]
__aeabi_dsub             0x800'2db1         Code  Gb  DblSub.o [3]
__aeabi_i2d              0x800'2d8d         Code  Gb  S32ToDbl.o [3]
__aeabi_ldiv0            0x800'3121         Code  Gb  I64DivZer.o [4]
__aeabi_memclr4          0x800'42a9         Code  Gb  ABImemclr4.o [4]
__aeabi_ui2d             0x800'3105         Code  Gb  U32ToDbl.o [3]
__cmain                  0x800'8905         Code  Gb  cmain.o [4]
__data_GetMemChunk       0x800'1739   0x2c  Code  Gb  xgetmemchunk.o [2]
__data_GetMemChunk::start
                        0x2000'1128    0x4  Data  Lc  xgetmemchunk.o [2]
__exit                   0x800'1765   0x14  Code  Gb  exit.o [5]
__iar_Fail_s             0x800'27a5   0x1c  Code  Gb  xfail_s.o [2]
__iar_Mbcurmax           0x800'2875    0xa  Code  Gb  xmbcurmax.o [2]
__iar_Memchr             0x800'281d         Code  Gb  memchr.o [4]
__iar_Memset4_word       0x800'6999         Code  Gb  ABImemset48.o [4]
__iar_Memset8_word       0x800'6999         Code  Gb  ABImemset48.o [4]
__iar_Stdout            0x2000'0214   0x48  Data  Gb  xfiles.o [2]
__iar_Strchr             0x800'2771         Code  Gb  strchr.o [4]
__iar_dadd               0x800'2dc1         Code  Gb  DblSub.o [3]
__iar_data_init3         0x800'8899   0x28  Code  Gb  data_init.o [4]
__iar_dlfree             0x800'11b7  0x4f6  Code  Gb  dlmalloc.o [2]
__iar_dlmalloc           0x800'0f01  0x2b6  Code  Gb  dlmalloc.o [2]
__iar_dsub               0x800'3125         Code  Gb  DblAdd.o [3]
__iar_dsubStart          0x800'3137         Code  Gb  DblAdd.o [3]
__iar_frexp              0x800'2b51         Code  Gb  frexp.o [3]
__iar_frexpl             0x800'2b51         Code  Gb  frexp.o [3]
__iar_globLocale        0x2000'01cc   0x48  Data  Lc  xlocale_c.o [2]
__iar_global_Locale      0x800'26f9    0x4  Code  Gb  xlocale_c.o [2]
__iar_init_vfp           0x800'88c1         Code  Gb  fpinit_M.o [3]
__iar_ldexp64            0x800'2c15         Code  Gb  ldexp.o [3]
__iar_lz77_init_single3
                         0x800'16bf   0x7a  Code  Gb  lz77_init_single.o [4]
__iar_program_start      0x800'8969         Code  Gb  cstartup_M.o [4]
__iar_scalbln64          0x800'2c15         Code  Gb  ldexp.o [3]
__iar_scalbn64           0x800'2c15         Code  Gb  ldexp.o [3]
__iar_small_Memcpy       0x800'2885         Code  Gb  ABImemcpy_small.o [4]
__iar_small_memcpy       0x800'2881         Code  Gb  ABImemcpy_small.o [4]
__iar_small_memcpy4      0x800'2881         Code  Gb  ABImemcpy_small.o [4]
__iar_small_memcpy8      0x800'2881         Code  Gb  ABImemcpy_small.o [4]
__iar_small_uldivmod     0x800'2899         Code  Gb  I64DivMod_small.o [4]
__iar_softfp___iar_frexp64
                         0x800'2b45         Code  Gb  frexp.o [3]
__iar_softfp_frexp       0x800'2b45         Code  Gb  frexp.o [3]
__iar_softfp_frexpl      0x800'2b45         Code  Gb  frexp.o [3]
__iar_zero_init3         0x800'26bf   0x3a  Code  Gb  zero_init3.o [4]
__low_level_init         0x800'8923    0x4  Code  Gb  low_level_init.o [2]
__vector_table           0x800'0000         Data  Gb  startup_stm32f413xx.o [1]
_call_main               0x800'8911         Code  Gb  cmain.o [4]
_exit                    0x800'892d         Code  Gb  cexit.o [4]
_gLocale_mblen           0x800'275d    0x4  Code  Gb  xlocale_c.o [2]
_gLocale_mblenInt        0x800'2721   0x2c  Code  Gb  xlocale_c.o [2]
_gLocale_wctomb          0x800'2761    0x4  Code  Gb  xlocale_c.o [2]
_gLocale_wctombInt       0x800'2759    0x4  Code  Gb  xlocale_c.o [2]
_gm_                    0x2000'0da8  0x1d8  Data  Lc  dlmalloc.o [2]
_main                    0x800'891f         Code  Gb  cmain.o [4]
a_dfsdm1ChannelHandle   0x2000'10b0   0x10  Data  Gb  stm32f4xx_hal_dfsdm.o [1]
a_dfsdm2ChannelHandle   0x2000'10c0   0x20  Data  Gb  stm32f4xx_hal_dfsdm.o [1]
abort                    0x800'16b9    0x6  Code  Gb  abort.o [2]
add_segment              0x800'05a1  0x1f2  Code  Lc  dlmalloc.o [2]
counter                 0x2000'111c    0x4  Data  Lc  stm32f4xx_it.o [1]
exit                     0x800'8927    0x4  Code  Gb  exit.o [2]
fputc                    0x800'3431   0x16  Code  Gb  main.o [1]
free                     0x800'5dc3    0x4  Code  Gb  heaptramp0.o [2]
hUsbDeviceFS            0x2000'090c  0x29c  Data  Gb  usb_device.o [1]
hadc1                   0x2000'0664   0x48  Data  Gb  main.o [1]
hdac                    0x2000'08f8   0x14  Data  Gb  main.o [1]
hdfsdm1_channel1        0x2000'06ac   0x38  Data  Gb  main.o [1]
hdfsdm2_channel1        0x2000'06e4   0x38  Data  Gb  main.o [1]
hdfsdm2_channel7        0x2000'071c   0x38  Data  Gb  main.o [1]
hfmpi2c1                0x2000'0754   0x4c  Data  Gb  main.o [1]
hi2s2                   0x2000'07a0   0x48  Data  Gb  main.o [1]
hpcd_USB_OTG_FS         0x2000'025c  0x408  Data  Gb  usbd_conf.o [1]
hqspi                   0x2000'07e8   0x4c  Data  Gb  main.o [1]
hsd                     0x2000'0874   0x84  Data  Gb  main.o [1]
hsram1                  0x2000'0f80   0x50  Data  Gb  main.o [1]
hsram2                  0x2000'0fd0   0x50  Data  Gb  main.o [1]
huart10                 0x2000'0834   0x40  Data  Gb  main.o [1]
huart6                  0x2000'1070   0x40  Data  Gb  main.o [1]
init_mparams             0x800'01f3   0x32  Code  Lc  dlmalloc.o [2]
init_top                 0x800'0225   0x36  Code  Lc  dlmalloc.o [2]
keyboardHID             0x2000'1108    0x8  Data  Gb  main.o [1]
ldexp                    0x800'2c15         Code  Gb  ldexp.o [3]
ldexpl                   0x800'2c15         Code  Gb  ldexp.o [3]
localeconv               0x800'2765    0x4  Code  Gb  xlocale_c.o [2]
main                     0x800'3447  0x1f6  Code  Gb  main.o [1]
memchr                   0x800'281d         Code  Gb  memchr.o [4]
mouseHID                0x2000'1100    0x8  Data  Gb  main.o [1]
mparams                 0x2000'10e8   0x18  Data  Lc  dlmalloc.o [2]
obuf                    0x2000'1020   0x50  Data  Lc  xfiles.o [2]
prepend_alloc            0x800'025b  0x346  Code  Lc  dlmalloc.o [2]
printf                   0x800'5261   0x28  Code  Gb  printf.o [2]
putchar                  0x800'894d    0xc  Code  Gb  putchar.o [2]
scalbln                  0x800'2c15         Code  Gb  ldexp.o [3]
scalblnl                 0x800'2c15         Code  Gb  ldexp.o [3]
scalbn                   0x800'2c15         Code  Gb  ldexp.o [3]
scalbnl                  0x800'2c15         Code  Gb  ldexp.o [3]
scale                    0x800'1f4f   0x46  Code  Lc  xprintffull.o [2]
sec_hand                0x2000'1124    0x4  Data  Lc  xfail_s.o [2]
segment_holding          0x800'01d9   0x1a  Code  Lc  dlmalloc.o [2]
strchr                   0x800'2771         Code  Gb  strchr.o [4]
strlen                   0x800'27e5         Code  Gb  strlen.o [4]
sys_alloc                0x800'0799  0x164  Code  Lc  dlmalloc.o [2]
sys_trim                 0x800'08fd   0x64  Code  Lc  dlmalloc.o [2]
tmalloc_large            0x800'096d  0x386  Code  Lc  dlmalloc.o [2]
tmalloc_small            0x800'0cf3  0x200  Code  Lc  dlmalloc.o [2]
uwTick                  0x2000'0014    0x4  Data  Gb  stm32f4xx_hal.o [1]
uwTickFreq              0x2000'0010    0x1  Data  Gb  stm32f4xx_hal.o [1]
uwTickPrio              0x2000'0018    0x4  Data  Gb  stm32f4xx_hal.o [1]
v_dfsdm1ChannelCounter  0x2000'10e0    0x4  Data  Gb  stm32f4xx_hal_dfsdm.o [1]
v_dfsdm2ChannelCounter  0x2000'10e4    0x4  Data  Gb  stm32f4xx_hal_dfsdm.o [1]


[1] = E:\STEM32_CustomHID_USB_4\EWARM\STEM32_CustomHID_USB_4\Obj
[2] = dl7M_tlf.a
[3] = m7M_tls.a
[4] = rt7M_tl.a
[5] = shb_l.a

  35 390 bytes of readonly  code memory
     519 bytes of readonly  data memory
   5 933 bytes of readwrite data memory

Errors: none
Warnings: none
